Archive member included to satisfy reference by file (symbol)

/home/spacehog/src/microdev/openDAC/firmware/blinky/../../firmware/libopencm3/lib/libopencm3_lpc43xx_m0.a(vector.o)
                              (reset_handler)

Discarded input sections

 .group         0x0000000000000000        0x8 CMakeFiles/blinky_m0.elf.dir/__/common/m0_sleep.c.obj
 .text          0x0000000000000000        0x0 CMakeFiles/blinky_m0.elf.dir/__/common/m0_sleep.c.obj
 .data          0x0000000000000000        0x0 CMakeFiles/blinky_m0.elf.dir/__/common/m0_sleep.c.obj
 .bss           0x0000000000000000        0x0 CMakeFiles/blinky_m0.elf.dir/__/common/m0_sleep.c.obj
 .group         0x0000000000000000        0x8 /home/spacehog/src/microdev/openDAC/firmware/blinky/../../firmware/libopencm3/lib/libopencm3_lpc43xx_m0.a(vector.o)
 .group         0x0000000000000000        0x8 /home/spacehog/src/microdev/openDAC/firmware/blinky/../../firmware/libopencm3/lib/libopencm3_lpc43xx_m0.a(vector.o)
 .group         0x0000000000000000        0x8 /home/spacehog/src/microdev/openDAC/firmware/blinky/../../firmware/libopencm3/lib/libopencm3_lpc43xx_m0.a(vector.o)
 .group         0x0000000000000000        0x8 /home/spacehog/src/microdev/openDAC/firmware/blinky/../../firmware/libopencm3/lib/libopencm3_lpc43xx_m0.a(vector.o)
 .group         0x0000000000000000        0x8 /home/spacehog/src/microdev/openDAC/firmware/blinky/../../firmware/libopencm3/lib/libopencm3_lpc43xx_m0.a(vector.o)
 .group         0x0000000000000000        0x8 /home/spacehog/src/microdev/openDAC/firmware/blinky/../../firmware/libopencm3/lib/libopencm3_lpc43xx_m0.a(vector.o)
 .group         0x0000000000000000        0x8 /home/spacehog/src/microdev/openDAC/firmware/blinky/../../firmware/libopencm3/lib/libopencm3_lpc43xx_m0.a(vector.o)
 .group         0x0000000000000000        0x8 /home/spacehog/src/microdev/openDAC/firmware/blinky/../../firmware/libopencm3/lib/libopencm3_lpc43xx_m0.a(vector.o)
 .group         0x0000000000000000        0x8 /home/spacehog/src/microdev/openDAC/firmware/blinky/../../firmware/libopencm3/lib/libopencm3_lpc43xx_m0.a(vector.o)
 .text          0x0000000000000000        0x0 /home/spacehog/src/microdev/openDAC/firmware/blinky/../../firmware/libopencm3/lib/libopencm3_lpc43xx_m0.a(vector.o)
 .data          0x0000000000000000        0x0 /home/spacehog/src/microdev/openDAC/firmware/blinky/../../firmware/libopencm3/lib/libopencm3_lpc43xx_m0.a(vector.o)
 .bss           0x0000000000000000        0x0 /home/spacehog/src/microdev/openDAC/firmware/blinky/../../firmware/libopencm3/lib/libopencm3_lpc43xx_m0.a(vector.o)

Memory Configuration

Name             Origin             Length             Attributes
ram              0x0000000000000000 0x0000000000007000 xrw
*default*        0x0000000000000000 0xffffffffffffffff

Linker script and memory map

LOAD CMakeFiles/blinky_m0.elf.dir/__/common/m0_sleep.c.obj
LOAD /usr/lib/arm-none-eabi/lib/armv7e-m/fpu/libc_nano.a
LOAD /usr/lib/arm-none-eabi/lib/armv7e-m/fpu/libnosys.a
LOAD /home/spacehog/src/microdev/openDAC/firmware/blinky/../../firmware/libopencm3/lib/libopencm3_lpc43xx_m0.a
START GROUP
LOAD /usr/lib/gcc/arm-none-eabi/4.8/armv6-m/libgcc.a
LOAD /usr/lib/arm-none-eabi/lib/armv7e-m/fpu/libc_nano.a
END GROUP
START GROUP
LOAD /usr/lib/gcc/arm-none-eabi/4.8/armv6-m/libgcc.a
LOAD /usr/lib/arm-none-eabi/lib/armv7e-m/fpu/libc_nano.a
END GROUP
                0x0000000000000000                . = ORIGIN (ram)

.text           0x0000000000000000      0x190
                0x0000000000000000                . = ALIGN (0x400)
 *(.vectors)
 .vectors       0x0000000000000000       0xb8 /home/spacehog/src/microdev/openDAC/firmware/blinky/../../firmware/libopencm3/lib/libopencm3_lpc43xx_m0.a(vector.o)
                0x0000000000000000                vector_table
 *(.text*)
 .text.startup  0x00000000000000b8        0x2 CMakeFiles/blinky_m0.elf.dir/__/common/m0_sleep.c.obj
                0x00000000000000b8                main
 *fill*         0x00000000000000ba        0x2 
 .text.blocking_handler
                0x00000000000000bc        0x4 /home/spacehog/src/microdev/openDAC/firmware/blinky/../../firmware/libopencm3/lib/libopencm3_lpc43xx_m0.a(vector.o)
                0x00000000000000bc                adc0_isr
                0x00000000000000bc                usart2_or_c_can1_isr
                0x00000000000000bc                usart3_isr
                0x00000000000000bc                rtc_isr
                0x00000000000000bc                gint1_isr
                0x00000000000000bc                flasheepromat_isr
                0x00000000000000bc                usart0_isr
                0x00000000000000bc                blocking_handler
                0x00000000000000bc                i2c0_or_irc1_isr
                0x00000000000000bc                sdio_isr
                0x00000000000000bc                ritimer_or_wwdt_isr
                0x00000000000000bc                dma_isr
                0x00000000000000bc                ethernet_isr
                0x00000000000000bc                c_can0_isr
                0x00000000000000bc                hard_fault_handler
                0x00000000000000bc                eventrouter_isr
                0x00000000000000bc                usb0_isr
                0x00000000000000bc                uart1_isr
                0x00000000000000bc                ssp0_or_ssp1_isr
                0x00000000000000bc                m4core_isr
                0x00000000000000bc                sct_isr
                0x00000000000000bc                timer3_isr
                0x00000000000000bc                lcd_isr
                0x00000000000000bc                spi_or_dac_isr
                0x00000000000000bc                sgpio_isr
                0x00000000000000bc                i2s0_or_i2s1_isr
                0x00000000000000bc                adc1_isr
                0x00000000000000bc                mcpwm_isr
                0x00000000000000bc                timer0_isr
                0x00000000000000bc                usb1_isr
                0x00000000000000bc                pin_int4_isr
 .text.null_handler
                0x00000000000000c0        0x4 /home/spacehog/src/microdev/openDAC/firmware/blinky/../../firmware/libopencm3/lib/libopencm3_lpc43xx_m0.a(vector.o)
                0x00000000000000c0                null_handler
                0x00000000000000c0                sv_call_handler
                0x00000000000000c0                pend_sv_handler
                0x00000000000000c0                sys_tick_handler
                0x00000000000000c0                nmi_handler
 .text.reset_handler
                0x00000000000000c4       0xcc /home/spacehog/src/microdev/openDAC/firmware/blinky/../../firmware/libopencm3/lib/libopencm3_lpc43xx_m0.a(vector.o)
                0x00000000000000c4                reset_handler
                0x0000000000000190                . = ALIGN (0x4)
 *(.rodata*)
                0x0000000000000190                . = ALIGN (0x4)

.glue_7         0x0000000000000190        0x0
 .glue_7        0x0000000000000190        0x0 linker stubs

.glue_7t        0x0000000000000190        0x0
 .glue_7t       0x0000000000000190        0x0 linker stubs

.vfp11_veneer   0x0000000000000190        0x0
 .vfp11_veneer  0x0000000000000190        0x0 linker stubs

.v4_bx          0x0000000000000190        0x0
 .v4_bx         0x0000000000000190        0x0 linker stubs

.iplt           0x0000000000000190        0x0
 .iplt          0x0000000000000190        0x0 CMakeFiles/blinky_m0.elf.dir/__/common/m0_sleep.c.obj

.rel.dyn        0x0000000000000190        0x0
 .rel.iplt      0x0000000000000190        0x0 CMakeFiles/blinky_m0.elf.dir/__/common/m0_sleep.c.obj

.preinit_array  0x0000000000000190        0x0
                0x0000000000000190                . = ALIGN (0x4)
                0x0000000000000190                __preinit_array_start = .
 *(.preinit_array)
                0x0000000000000190                __preinit_array_end = .

.init_array     0x0000000000000190        0x0
                0x0000000000000190                . = ALIGN (0x4)
                0x0000000000000190                __init_array_start = .
 *(SORT(.init_array.*))
 *(.init_array)
                0x0000000000000190                __init_array_end = .

.fini_array     0x0000000000000190        0x0
                0x0000000000000190                . = ALIGN (0x4)
                0x0000000000000190                __fini_array_start = .
 *(.fini_array)
 *(SORT(.fini_array.*))
                0x0000000000000190                __fini_array_end = .

.ARM.extab
 *(.ARM.extab*)
 *(.ARM.extab*)

.ARM.exidx      0x0000000000000190        0x0
                0x0000000000000190                __exidx_start = .
 *(.ARM.exidx*)
                0x0000000000000190                __exidx_end = .
                0x0000000000000190                . = ALIGN (0x4)
                0x0000000000000190                _etext = .

.data           0x0000000000000190        0x0
                0x0000000000000190                _data = .
 *(.data*)
                0x0000000000000190                . = ALIGN (0x4)
                0x0000000000000190                _edata = .
                0x0000000000000190                _data_loadaddr = _data
                0x0000000000000190                _edata = _data

.igot.plt       0x0000000000000190        0x0
 .igot.plt      0x0000000000000190        0x0 CMakeFiles/blinky_m0.elf.dir/__/common/m0_sleep.c.obj

.bss            0x0000000000000190        0x0
                0x0000000000000190                _bss = .
 *(.bss*)
 *(COMMON)
                0x0000000000000190                . = ALIGN (0x4)
                0x0000000000000190                _ebss = .

/DISCARD/
 *(.eh_frame)
                0x0000000000000190                . = ALIGN (0x4)
                0x0000000000000190                end = .
                0x0000000000007000                __StackTop = (ORIGIN (ram) + 0x7000)
                0x0000000000007000                PROVIDE (_stack, __StackTop)
OUTPUT(blinky_m0.elf elf32-littlearm)

.debug_info     0x0000000000000000      0x2d6
 .debug_info    0x0000000000000000       0x42 CMakeFiles/blinky_m0.elf.dir/__/common/m0_sleep.c.obj
 .debug_info    0x0000000000000042      0x294 /home/spacehog/src/microdev/openDAC/firmware/blinky/../../firmware/libopencm3/lib/libopencm3_lpc43xx_m0.a(vector.o)

.debug_abbrev   0x0000000000000000      0x170
 .debug_abbrev  0x0000000000000000       0x38 CMakeFiles/blinky_m0.elf.dir/__/common/m0_sleep.c.obj
 .debug_abbrev  0x0000000000000038      0x138 /home/spacehog/src/microdev/openDAC/firmware/blinky/../../firmware/libopencm3/lib/libopencm3_lpc43xx_m0.a(vector.o)

.debug_aranges  0x0000000000000000       0x50
 .debug_aranges
                0x0000000000000000       0x20 CMakeFiles/blinky_m0.elf.dir/__/common/m0_sleep.c.obj
 .debug_aranges
                0x0000000000000020       0x30 /home/spacehog/src/microdev/openDAC/firmware/blinky/../../firmware/libopencm3/lib/libopencm3_lpc43xx_m0.a(vector.o)

.debug_ranges   0x0000000000000000       0x30
 .debug_ranges  0x0000000000000000       0x10 CMakeFiles/blinky_m0.elf.dir/__/common/m0_sleep.c.obj
 .debug_ranges  0x0000000000000010       0x20 /home/spacehog/src/microdev/openDAC/firmware/blinky/../../firmware/libopencm3/lib/libopencm3_lpc43xx_m0.a(vector.o)

.debug_macro    0x0000000000000000     0x15a3
 .debug_macro   0x0000000000000000       0x11 CMakeFiles/blinky_m0.elf.dir/__/common/m0_sleep.c.obj
 .debug_macro   0x0000000000000011      0x838 CMakeFiles/blinky_m0.elf.dir/__/common/m0_sleep.c.obj
 .debug_macro   0x0000000000000849       0xa6 /home/spacehog/src/microdev/openDAC/firmware/blinky/../../firmware/libopencm3/lib/libopencm3_lpc43xx_m0.a(vector.o)
 .debug_macro   0x00000000000008ef      0x808 /home/spacehog/src/microdev/openDAC/firmware/blinky/../../firmware/libopencm3/lib/libopencm3_lpc43xx_m0.a(vector.o)
 .debug_macro   0x00000000000010f7       0x16 /home/spacehog/src/microdev/openDAC/firmware/blinky/../../firmware/libopencm3/lib/libopencm3_lpc43xx_m0.a(vector.o)
 .debug_macro   0x000000000000110d       0x44 /home/spacehog/src/microdev/openDAC/firmware/blinky/../../firmware/libopencm3/lib/libopencm3_lpc43xx_m0.a(vector.o)
 .debug_macro   0x0000000000001151      0x209 /home/spacehog/src/microdev/openDAC/firmware/blinky/../../firmware/libopencm3/lib/libopencm3_lpc43xx_m0.a(vector.o)
 .debug_macro   0x000000000000135a       0x22 /home/spacehog/src/microdev/openDAC/firmware/blinky/../../firmware/libopencm3/lib/libopencm3_lpc43xx_m0.a(vector.o)
 .debug_macro   0x000000000000137c       0xfa /home/spacehog/src/microdev/openDAC/firmware/blinky/../../firmware/libopencm3/lib/libopencm3_lpc43xx_m0.a(vector.o)
 .debug_macro   0x0000000000001476       0x2e /home/spacehog/src/microdev/openDAC/firmware/blinky/../../firmware/libopencm3/lib/libopencm3_lpc43xx_m0.a(vector.o)
 .debug_macro   0x00000000000014a4       0x47 /home/spacehog/src/microdev/openDAC/firmware/blinky/../../firmware/libopencm3/lib/libopencm3_lpc43xx_m0.a(vector.o)
 .debug_macro   0x00000000000014eb       0xb8 /home/spacehog/src/microdev/openDAC/firmware/blinky/../../firmware/libopencm3/lib/libopencm3_lpc43xx_m0.a(vector.o)

.debug_line     0x0000000000000000      0x2d0
 .debug_line    0x0000000000000000       0x6e CMakeFiles/blinky_m0.elf.dir/__/common/m0_sleep.c.obj
 .debug_line    0x000000000000006e      0x262 /home/spacehog/src/microdev/openDAC/firmware/blinky/../../firmware/libopencm3/lib/libopencm3_lpc43xx_m0.a(vector.o)

.debug_str      0x0000000000000000     0x3b72
 .debug_str     0x0000000000000000     0x22c4 CMakeFiles/blinky_m0.elf.dir/__/common/m0_sleep.c.obj
                                       0x22c9 (size before relaxing)
 .debug_str     0x00000000000022c4     0x18ae /home/spacehog/src/microdev/openDAC/firmware/blinky/../../firmware/libopencm3/lib/libopencm3_lpc43xx_m0.a(vector.o)
                                       0x3b6e (size before relaxing)

.comment        0x0000000000000000       0x33
 .comment       0x0000000000000000       0x33 CMakeFiles/blinky_m0.elf.dir/__/common/m0_sleep.c.obj
                                         0x34 (size before relaxing)
 .comment       0x0000000000000033       0x34 /home/spacehog/src/microdev/openDAC/firmware/blinky/../../firmware/libopencm3/lib/libopencm3_lpc43xx_m0.a(vector.o)

.ARM.attributes
                0x0000000000000000       0x31
 .ARM.attributes
                0x0000000000000000       0x31 CMakeFiles/blinky_m0.elf.dir/__/common/m0_sleep.c.obj
 .ARM.attributes
                0x0000000000000031       0x31 /home/spacehog/src/microdev/openDAC/firmware/blinky/../../firmware/libopencm3/lib/libopencm3_lpc43xx_m0.a(vector.o)

.debug_frame    0x0000000000000000       0x60
 .debug_frame   0x0000000000000000       0x20 CMakeFiles/blinky_m0.elf.dir/__/common/m0_sleep.c.obj
 .debug_frame   0x0000000000000020       0x40 /home/spacehog/src/microdev/openDAC/firmware/blinky/../../firmware/libopencm3/lib/libopencm3_lpc43xx_m0.a(vector.o)

.debug_loc      0x0000000000000000       0x5f
 .debug_loc     0x0000000000000000       0x5f /home/spacehog/src/microdev/openDAC/firmware/blinky/../../firmware/libopencm3/lib/libopencm3_lpc43xx_m0.a(vector.o)
